[2025-06-30 11:57:01,533] 22 root - INFO - Logging setup completed successfully!
[2025-06-30 11:57:08,062] 97 werkzeug - WARNING -  * Debugger is active!
[2025-06-30 11:57:08,071] 97 werkzeug - INFO -  * Debugger PIN: 296-058-325
[2025-06-30 11:57:08,814] 97 werkzeug - INFO -  * Detected change in 'C:\\Users\\mk744\\AppData\\Local\\Programs\\Python\\Python310\\Lib\\site-packages\\pip\\_internal\\utils\\temp_dir.py', reloading
[2025-06-30 11:57:08,826] 97 werkzeug - INFO -  * Detected change in 'C:\\Users\\mk744\\AppData\\Local\\Programs\\Python\\Python310\\Lib\\site-packages\\pip\\_internal\\utils\\retry.py', reloading
[2025-06-30 11:57:08,847] 97 werkzeug - INFO -  * Detected change in 'C:\\Users\\mk744\\AppData\\Local\\Programs\\Python\\Python310\\Lib\\site-packages\\pip\\_internal\\utils\\misc.py', reloading
[2025-06-30 11:57:08,865] 97 werkzeug - INFO -  * Detected change in 'C:\\Users\\mk744\\AppData\\Local\\Programs\\Python\\Python310\\Lib\\shutil.py', reloading
[2025-06-30 11:57:08,866] 97 werkzeug - INFO -  * Detected change in 'C:\\Users\\mk744\\AppData\\Local\\Programs\\Python\\Python310\\Lib\\site-packages\\~klearn\\base.py', reloading
[2025-06-30 11:57:08,867] 97 werkzeug - INFO -  * Detected change in 'C:\\Users\\mk744\\AppData\\Local\\Programs\\Python\\Python310\\Lib\\site-packages\\~klearn\\calibration.py', reloading
[2025-06-30 11:57:08,868] 97 werkzeug - INFO -  * Detected change in 'C:\\Users\\mk744\\AppData\\Local\\Programs\\Python\\Python310\\Lib\\site-packages\\~klearn\\cluster\\tests\\common.py', reloading
[2025-06-30 11:57:08,870] 97 werkzeug - INFO -  * Detected change in 'C:\\Users\\mk744\\AppData\\Local\\Programs\\Python\\Python310\\Lib\\site-packages\\~klearn\\cluster\\tests\\test_affinity_propagation.py', reloading
[2025-06-30 11:57:08,871] 97 werkzeug - INFO -  * Detected change in 'C:\\Users\\mk744\\AppData\\Local\\Programs\\Python\\Python310\\Lib\\site-packages\\~klearn\\cluster\\tests\\test_bicluster.py', reloading
[2025-06-30 11:57:08,871] 97 werkzeug - INFO -  * Detected change in 'C:\\Users\\mk744\\AppData\\Local\\Programs\\Python\\Python310\\Lib\\site-packages\\~klearn\\cluster\\tests\\test_birch.py', reloading
[2025-06-30 11:57:08,872] 97 werkzeug - INFO -  * Detected change in 'C:\\Users\\mk744\\AppData\\Local\\Programs\\Python\\Python310\\Lib\\site-packages\\~klearn\\cluster\\tests\\test_bisect_k_means.py', reloading
[2025-06-30 11:57:08,873] 97 werkzeug - INFO -  * Detected change in 'C:\\Users\\mk744\\AppData\\Local\\Programs\\Python\\Python310\\Lib\\site-packages\\~klearn\\cluster\\tests\\test_dbscan.py', reloading
[2025-06-30 11:57:08,874] 97 werkzeug - INFO -  * Detected change in 'C:\\Users\\mk744\\AppData\\Local\\Programs\\Python\\Python310\\Lib\\site-packages\\~klearn\\cluster\\tests\\test_feature_agglomeration.py', reloading
[2025-06-30 11:57:08,874] 97 werkzeug - INFO -  * Detected change in 'C:\\Users\\mk744\\AppData\\Local\\Programs\\Python\\Python310\\Lib\\site-packages\\~klearn\\cluster\\tests\\test_hdbscan.py', reloading
[2025-06-30 11:57:08,875] 97 werkzeug - INFO -  * Detected change in 'C:\\Users\\mk744\\AppData\\Local\\Programs\\Python\\Python310\\Lib\\site-packages\\~klearn\\cluster\\tests\\test_hierarchical.py', reloading
[2025-06-30 11:57:08,875] 97 werkzeug - INFO -  * Detected change in 'C:\\Users\\mk744\\AppData\\Local\\Programs\\Python\\Python310\\Lib\\site-packages\\~klearn\\cluster\\tests\\test_k_means.py', reloading
[2025-06-30 11:57:08,876] 97 werkzeug - INFO -  * Detected change in 'C:\\Users\\mk744\\AppData\\Local\\Programs\\Python\\Python310\\Lib\\site-packages\\~klearn\\cluster\\tests\\test_mean_shift.py', reloading
[2025-06-30 11:57:08,876] 97 werkzeug - INFO -  * Detected change in 'C:\\Users\\mk744\\AppData\\Local\\Programs\\Python\\Python310\\Lib\\site-packages\\~klearn\\cluster\\tests\\test_optics.py', reloading
[2025-06-30 11:57:08,877] 97 werkzeug - INFO -  * Detected change in 'C:\\Users\\mk744\\AppData\\Local\\Programs\\Python\\Python310\\Lib\\site-packages\\~klearn\\cluster\\tests\\test_spectral.py', reloading
[2025-06-30 11:57:08,877] 97 werkzeug - INFO -  * Detected change in 'C:\\Users\\mk744\\AppData\\Local\\Programs\\Python\\Python310\\Lib\\site-packages\\~klearn\\cluster\\tests\\__init__.py', reloading
[2025-06-30 11:57:08,886] 97 werkzeug - INFO -  * Detected change in 'C:\\Users\\mk744\\AppData\\Local\\Programs\\Python\\Python310\\Lib\\site-packages\\~klearn\\cluster\\_affinity_propagation.py', reloading
[2025-06-30 11:57:08,887] 97 werkzeug - INFO -  * Detected change in 'C:\\Users\\mk744\\AppData\\Local\\Programs\\Python\\Python310\\Lib\\site-packages\\~klearn\\cluster\\_agglomerative.py', reloading
[2025-06-30 11:57:08,887] 97 werkzeug - INFO -  * Detected change in 'C:\\Users\\mk744\\AppData\\Local\\Programs\\Python\\Python310\\Lib\\site-packages\\~klearn\\cluster\\_bicluster.py', reloading
[2025-06-30 11:57:08,888] 97 werkzeug - INFO -  * Detected change in 'C:\\Users\\mk744\\AppData\\Local\\Programs\\Python\\Python310\\Lib\\site-packages\\~klearn\\cluster\\_birch.py', reloading
[2025-06-30 11:57:08,890] 97 werkzeug - INFO -  * Detected change in 'C:\\Users\\mk744\\AppData\\Local\\Programs\\Python\\Python310\\Lib\\site-packages\\~klearn\\cluster\\_bisect_k_means.py', reloading
[2025-06-30 11:57:08,890] 97 werkzeug - INFO -  * Detected change in 'C:\\Users\\mk744\\AppData\\Local\\Programs\\Python\\Python310\\Lib\\site-packages\\~klearn\\cluster\\_dbscan.py', reloading
[2025-06-30 11:57:08,893] 97 werkzeug - INFO -  * Detected change in 'C:\\Users\\mk744\\AppData\\Local\\Programs\\Python\\Python310\\Lib\\site-packages\\~klearn\\cluster\\_feature_agglomeration.py', reloading
[2025-06-30 11:57:08,894] 97 werkzeug - INFO -  * Detected change in 'C:\\Users\\mk744\\AppData\\Local\\Programs\\Python\\Python310\\Lib\\site-packages\\~klearn\\cluster\\_hdbscan\\hdbscan.py', reloading
[2025-06-30 11:57:08,894] 97 werkzeug - INFO -  * Detected change in 'C:\\Users\\mk744\\AppData\\Local\\Programs\\Python\\Python310\\Lib\\site-packages\\~klearn\\cluster\\_hdbscan\\tests\\test_reachibility.py', reloading
[2025-06-30 11:57:08,894] 97 werkzeug - INFO -  * Detected change in 'C:\\Users\\mk744\\AppData\\Local\\Programs\\Python\\Python310\\Lib\\site-packages\\~klearn\\cluster\\_hdbscan\\tests\\__init__.py', reloading
[2025-06-30 11:57:08,901] 97 werkzeug - INFO -  * Detected change in 'C:\\Users\\mk744\\AppData\\Local\\Programs\\Python\\Python310\\Lib\\site-packages\\~klearn\\cluster\\_hdbscan\\__init__.py', reloading
[2025-06-30 11:57:08,904] 97 werkzeug - INFO -  * Detected change in 'C:\\Users\\mk744\\AppData\\Local\\Programs\\Python\\Python310\\Lib\\site-packages\\~klearn\\cluster\\_kmeans.py', reloading
[2025-06-30 11:57:08,908] 97 werkzeug - INFO -  * Detected change in 'C:\\Users\\mk744\\AppData\\Local\\Programs\\Python\\Python310\\Lib\\site-packages\\~klearn\\cluster\\_mean_shift.py', reloading
[2025-06-30 11:57:08,908] 97 werkzeug - INFO -  * Detected change in 'C:\\Users\\mk744\\AppData\\Local\\Programs\\Python\\Python310\\Lib\\site-packages\\~klearn\\cluster\\_optics.py', reloading
[2025-06-30 11:57:08,908] 97 werkzeug - INFO -  * Detected change in 'C:\\Users\\mk744\\AppData\\Local\\Programs\\Python\\Python310\\Lib\\site-packages\\~klearn\\cluster\\_spectral.py', reloading
[2025-06-30 11:57:08,909] 97 werkzeug - INFO -  * Detected change in 'C:\\Users\\mk744\\AppData\\Local\\Programs\\Python\\Python310\\Lib\\site-packages\\~klearn\\cluster\\__init__.py', reloading
[2025-06-30 11:57:08,915] 97 werkzeug - INFO -  * Detected change in 'C:\\Users\\mk744\\AppData\\Local\\Programs\\Python\\Python310\\Lib\\site-packages\\~klearn\\compose\\tests\\test_column_transformer.py', reloading
[2025-06-30 11:57:08,916] 97 werkzeug - INFO -  * Detected change in 'C:\\Users\\mk744\\AppData\\Local\\Programs\\Python\\Python310\\Lib\\site-packages\\~klearn\\compose\\tests\\test_target.py', reloading
[2025-06-30 11:57:08,916] 97 werkzeug - INFO -  * Detected change in 'C:\\Users\\mk744\\AppData\\Local\\Programs\\Python\\Python310\\Lib\\site-packages\\~klearn\\compose\\tests\\__init__.py', reloading
[2025-06-30 11:57:08,917] 97 werkzeug - INFO -  * Detected change in 'C:\\Users\\mk744\\AppData\\Local\\Programs\\Python\\Python310\\Lib\\site-packages\\~klearn\\compose\\_column_transformer.py', reloading
[2025-06-30 11:57:08,918] 97 werkzeug - INFO -  * Detected change in 'C:\\Users\\mk744\\AppData\\Local\\Programs\\Python\\Python310\\Lib\\site-packages\\~klearn\\compose\\_target.py', reloading
[2025-06-30 11:57:08,918] 97 werkzeug - INFO -  * Detected change in 'C:\\Users\\mk744\\AppData\\Local\\Programs\\Python\\Python310\\Lib\\site-packages\\~klearn\\compose\\__init__.py', reloading
[2025-06-30 11:57:08,920] 97 werkzeug - INFO -  * Detected change in 'C:\\Users\\mk744\\AppData\\Local\\Programs\\Python\\Python310\\Lib\\site-packages\\~klearn\\conftest.py', reloading
[2025-06-30 11:57:08,920] 97 werkzeug - INFO -  * Detected change in 'C:\\Users\\mk744\\AppData\\Local\\Programs\\Python\\Python310\\Lib\\site-packages\\~klearn\\covariance\\tests\\test_covariance.py', reloading
[2025-06-30 11:57:08,920] 97 werkzeug - INFO -  * Detected change in 'C:\\Users\\mk744\\AppData\\Local\\Programs\\Python\\Python310\\Lib\\site-packages\\~klearn\\covariance\\tests\\test_elliptic_envelope.py', reloading
[2025-06-30 11:57:08,921] 97 werkzeug - INFO -  * Detected change in 'C:\\Users\\mk744\\AppData\\Local\\Programs\\Python\\Python310\\Lib\\site-packages\\~klearn\\covariance\\tests\\test_graphical_lasso.py', reloading
[2025-06-30 11:57:08,921] 97 werkzeug - INFO -  * Detected change in 'C:\\Users\\mk744\\AppData\\Local\\Programs\\Python\\Python310\\Lib\\site-packages\\~klearn\\covariance\\tests\\test_robust_covariance.py', reloading
[2025-06-30 11:57:08,921] 97 werkzeug - INFO -  * Detected change in 'C:\\Users\\mk744\\AppData\\Local\\Programs\\Python\\Python310\\Lib\\site-packages\\~klearn\\covariance\\tests\\__init__.py', reloading
[2025-06-30 11:57:08,923] 97 werkzeug - INFO -  * Detected change in 'C:\\Users\\mk744\\AppData\\Local\\Programs\\Python\\Python310\\Lib\\site-packages\\~klearn\\covariance\\_elliptic_envelope.py', reloading
[2025-06-30 11:57:08,923] 97 werkzeug - INFO -  * Detected change in 'C:\\Users\\mk744\\AppData\\Local\\Programs\\Python\\Python310\\Lib\\site-packages\\~klearn\\covariance\\_empirical_covariance.py', reloading
[2025-06-30 11:57:08,925] 97 werkzeug - INFO -  * Detected change in 'C:\\Users\\mk744\\AppData\\Local\\Programs\\Python\\Python310\\Lib\\site-packages\\~klearn\\covariance\\_graph_lasso.py', reloading
[2025-06-30 11:57:08,925] 97 werkzeug - INFO -  * Detected change in 'C:\\Users\\mk744\\AppData\\Local\\Programs\\Python\\Python310\\Lib\\site-packages\\~klearn\\covariance\\_robust_covariance.py', reloading
[2025-06-30 11:57:08,926] 97 werkzeug - INFO -  * Detected change in 'C:\\Users\\mk744\\AppData\\Local\\Programs\\Python\\Python310\\Lib\\site-packages\\~klearn\\covariance\\_shrunk_covariance.py', reloading
[2025-06-30 11:57:08,926] 97 werkzeug - INFO -  * Detected change in 'C:\\Users\\mk744\\AppData\\Local\\Programs\\Python\\Python310\\Lib\\site-packages\\~klearn\\covariance\\__init__.py', reloading
[2025-06-30 11:57:08,932] 97 werkzeug - INFO -  * Detected change in 'C:\\Users\\mk744\\AppData\\Local\\Programs\\Python\\Python310\\Lib\\site-packages\\~klearn\\cross_decomposition\\tests\\test_pls.py', reloading
[2025-06-30 11:57:08,932] 97 werkzeug - INFO -  * Detected change in 'C:\\Users\\mk744\\AppData\\Local\\Programs\\Python\\Python310\\Lib\\site-packages\\~klearn\\cross_decomposition\\tests\\__init__.py', reloading
[2025-06-30 11:57:08,933] 97 werkzeug - INFO -  * Detected change in 'C:\\Users\\mk744\\AppData\\Local\\Programs\\Python\\Python310\\Lib\\site-packages\\~klearn\\cross_decomposition\\_pls.py', reloading
[2025-06-30 11:57:08,934] 97 werkzeug - INFO -  * Detected change in 'C:\\Users\\mk744\\AppData\\Local\\Programs\\Python\\Python310\\Lib\\site-packages\\~klearn\\cross_decomposition\\__init__.py', reloading
[2025-06-30 11:57:08,937] 97 werkzeug - INFO -  * Detected change in 'C:\\Users\\mk744\\AppData\\Local\\Programs\\Python\\Python310\\Lib\\site-packages\\~klearn\\datasets\\data\\__init__.py', reloading
[2025-06-30 11:57:08,943] 97 werkzeug - INFO -  * Detected change in 'C:\\Users\\mk744\\AppData\\Local\\Programs\\Python\\Python310\\Lib\\site-packages\\~klearn\\datasets\\descr\\__init__.py', reloading
[2025-06-30 11:57:08,945] 97 werkzeug - INFO -  * Detected change in 'C:\\Users\\mk744\\AppData\\Local\\Programs\\Python\\Python310\\Lib\\site-packages\\~klearn\\datasets\\images\\__init__.py', reloading
[2025-06-30 11:57:08,947] 97 werkzeug - INFO -  * Detected change in 'C:\\Users\\mk744\\AppData\\Local\\Programs\\Python\\Python310\\Lib\\site-packages\\~klearn\\datasets\\tests\\data\\openml\\id_1\\__init__.py', reloading
[2025-06-30 11:57:08,949] 97 werkzeug - INFO -  * Detected change in 'C:\\Users\\mk744\\AppData\\Local\\Programs\\Python\\Python310\\Lib\\site-packages\\~klearn\\datasets\\tests\\data\\openml\\id_1119\\__init__.py', reloading
[2025-06-30 11:57:08,951] 97 werkzeug - INFO -  * Detected change in 'C:\\Users\\mk744\\AppData\\Local\\Programs\\Python\\Python310\\Lib\\site-packages\\~klearn\\datasets\\tests\\data\\openml\\id_1590\\__init__.py', reloading
[2025-06-30 11:57:08,954] 97 werkzeug - INFO -  * Detected change in 'C:\\Users\\mk744\\AppData\\Local\\Programs\\Python\\Python310\\Lib\\site-packages\\~klearn\\datasets\\tests\\data\\openml\\id_2\\__init__.py', reloading
[2025-06-30 11:57:08,957] 97 werkzeug - INFO -  * Detected change in 'C:\\Users\\mk744\\AppData\\Local\\Programs\\Python\\Python310\\Lib\\site-packages\\~klearn\\datasets\\tests\\data\\openml\\id_292\\__init__.py', reloading
[2025-06-30 11:57:08,960] 97 werkzeug - INFO -  * Detected change in 'C:\\Users\\mk744\\AppData\\Local\\Programs\\Python\\Python310\\Lib\\site-packages\\~klearn\\datasets\\tests\\data\\openml\\id_3\\__init__.py', reloading
[2025-06-30 11:57:08,963] 97 werkzeug - INFO -  * Detected change in 'C:\\Users\\mk744\\AppData\\Local\\Programs\\Python\\Python310\\Lib\\site-packages\\~klearn\\datasets\\tests\\data\\openml\\id_40589\\__init__.py', reloading
[2025-06-30 11:57:08,966] 97 werkzeug - INFO -  * Detected change in 'C:\\Users\\mk744\\AppData\\Local\\Programs\\Python\\Python310\\Lib\\site-packages\\~klearn\\datasets\\tests\\data\\openml\\id_40675\\__init__.py', reloading
[2025-06-30 11:57:08,968] 97 werkzeug - INFO -  * Detected change in 'C:\\Users\\mk744\\AppData\\Local\\Programs\\Python\\Python310\\Lib\\site-packages\\~klearn\\datasets\\tests\\data\\openml\\id_40945\\__init__.py', reloading
[2025-06-30 11:57:08,971] 97 werkzeug - INFO -  * Detected change in 'C:\\Users\\mk744\\AppData\\Local\\Programs\\Python\\Python310\\Lib\\site-packages\\~klearn\\datasets\\tests\\data\\openml\\id_40966\\__init__.py', reloading
[2025-06-30 11:57:08,974] 97 werkzeug - INFO -  * Detected change in 'C:\\Users\\mk744\\AppData\\Local\\Programs\\Python\\Python310\\Lib\\site-packages\\~klearn\\datasets\\tests\\data\\openml\\id_42074\\__init__.py', reloading
[2025-06-30 11:57:08,975] 97 werkzeug - INFO -  * Detected change in 'C:\\Users\\mk744\\AppData\\Local\\Programs\\Python\\Python310\\Lib\\site-packages\\~klearn\\datasets\\tests\\data\\openml\\id_42585\\__init__.py', reloading
[2025-06-30 11:57:08,978] 97 werkzeug - INFO -  * Detected change in 'C:\\Users\\mk744\\AppData\\Local\\Programs\\Python\\Python310\\Lib\\site-packages\\~klearn\\datasets\\tests\\data\\openml\\id_561\\__init__.py', reloading
[2025-06-30 11:57:08,980] 97 werkzeug - INFO -  * Detected change in 'C:\\Users\\mk744\\AppData\\Local\\Programs\\Python\\Python310\\Lib\\site-packages\\~klearn\\datasets\\tests\\data\\openml\\id_61\\__init__.py', reloading
[2025-06-30 11:57:08,982] 97 werkzeug - INFO -  * Detected change in 'C:\\Users\\mk744\\AppData\\Local\\Programs\\Python\\Python310\\Lib\\site-packages\\~klearn\\datasets\\tests\\data\\openml\\id_62\\__init__.py', reloading
[2025-06-30 11:57:08,983] 97 werkzeug - INFO -  * Detected change in 'C:\\Users\\mk744\\AppData\\Local\\Programs\\Python\\Python310\\Lib\\site-packages\\~klearn\\datasets\\tests\\data\\openml\\__init__.py', reloading
[2025-06-30 11:57:08,985] 97 werkzeug - INFO -  * Detected change in 'C:\\Users\\mk744\\AppData\\Local\\Programs\\Python\\Python310\\Lib\\site-packages\\~klearn\\datasets\\tests\\data\\__init__.py', reloading
[2025-06-30 11:57:08,986] 97 werkzeug - INFO -  * Detected change in 'C:\\Users\\mk744\\AppData\\Local\\Programs\\Python\\Python310\\Lib\\site-packages\\~klearn\\datasets\\tests\\test_20news.py', reloading
[2025-06-30 11:57:08,988] 97 werkzeug - INFO -  * Detected change in 'C:\\Users\\mk744\\AppData\\Local\\Programs\\Python\\Python310\\Lib\\site-packages\\~klearn\\datasets\\tests\\test_arff_parser.py', reloading
[2025-06-30 11:57:08,988] 97 werkzeug - INFO -  * Detected change in 'C:\\Users\\mk744\\AppData\\Local\\Programs\\Python\\Python310\\Lib\\site-packages\\~klearn\\datasets\\tests\\test_base.py', reloading
[2025-06-30 11:57:08,989] 97 werkzeug - INFO -  * Detected change in 'C:\\Users\\mk744\\AppData\\Local\\Programs\\Python\\Python310\\Lib\\site-packages\\~klearn\\datasets\\tests\\test_california_housing.py', reloading
[2025-06-30 11:57:08,989] 97 werkzeug - INFO -  * Detected change in 'C:\\Users\\mk744\\AppData\\Local\\Programs\\Python\\Python310\\Lib\\site-packages\\~klearn\\datasets\\tests\\test_common.py', reloading
[2025-06-30 11:57:08,989] 97 werkzeug - INFO -  * Detected change in 'C:\\Users\\mk744\\AppData\\Local\\Programs\\Python\\Python310\\Lib\\site-packages\\~klearn\\datasets\\tests\\test_covtype.py', reloading
[2025-06-30 11:57:08,989] 97 werkzeug - INFO -  * Detected change in 'C:\\Users\\mk744\\AppData\\Local\\Programs\\Python\\Python310\\Lib\\site-packages\\~klearn\\datasets\\tests\\test_kddcup99.py', reloading
[2025-06-30 11:57:08,990] 97 werkzeug - INFO -  * Detected change in 'C:\\Users\\mk744\\AppData\\Local\\Programs\\Python\\Python310\\Lib\\site-packages\\~klearn\\datasets\\tests\\test_lfw.py', reloading
[2025-06-30 11:57:08,991] 97 werkzeug - INFO -  * Detected change in 'C:\\Users\\mk744\\AppData\\Local\\Programs\\Python\\Python310\\Lib\\site-packages\\~klearn\\datasets\\tests\\test_olivetti_faces.py', reloading
[2025-06-30 11:57:08,991] 97 werkzeug - INFO -  * Detected change in 'C:\\Users\\mk744\\AppData\\Local\\Programs\\Python\\Python310\\Lib\\site-packages\\~klearn\\datasets\\tests\\test_openml.py', reloading
[2025-06-30 11:57:08,991] 97 werkzeug - INFO -  * Detected change in 'C:\\Users\\mk744\\AppData\\Local\\Programs\\Python\\Python310\\Lib\\site-packages\\~klearn\\datasets\\tests\\test_rcv1.py', reloading
[2025-06-30 11:57:08,992] 97 werkzeug - INFO -  * Detected change in 'C:\\Users\\mk744\\AppData\\Local\\Programs\\Python\\Python310\\Lib\\site-packages\\~klearn\\datasets\\tests\\test_samples_generator.py', reloading
[2025-06-30 11:57:08,992] 97 werkzeug - INFO -  * Detected change in 'C:\\Users\\mk744\\AppData\\Local\\Programs\\Python\\Python310\\Lib\\site-packages\\~klearn\\datasets\\tests\\test_svmlight_format.py', reloading
[2025-06-30 11:57:08,992] 97 werkzeug - INFO -  * Detected change in 'C:\\Users\\mk744\\AppData\\Local\\Programs\\Python\\Python310\\Lib\\site-packages\\~klearn\\datasets\\tests\\__init__.py', reloading
[2025-06-30 11:57:08,997] 97 werkzeug - INFO -  * Detected change in 'C:\\Users\\mk744\\AppData\\Local\\Programs\\Python\\Python310\\Lib\\site-packages\\~klearn\\datasets\\_arff_parser.py', reloading
[2025-06-30 11:57:08,997] 97 werkzeug - INFO -  * Detected change in 'C:\\Users\\mk744\\AppData\\Local\\Programs\\Python\\Python310\\Lib\\site-packages\\~klearn\\datasets\\_base.py', reloading
[2025-06-30 11:57:08,997] 97 werkzeug - INFO -  * Detected change in 'C:\\Users\\mk744\\AppData\\Local\\Programs\\Python\\Python310\\Lib\\site-packages\\~klearn\\datasets\\_california_housing.py', reloading
[2025-06-30 11:57:08,998] 97 werkzeug - INFO -  * Detected change in 'C:\\Users\\mk744\\AppData\\Local\\Programs\\Python\\Python310\\Lib\\site-packages\\~klearn\\datasets\\_covtype.py', reloading
[2025-06-30 11:57:08,998] 97 werkzeug - INFO -  * Detected change in 'C:\\Users\\mk744\\AppData\\Local\\Programs\\Python\\Python310\\Lib\\site-packages\\~klearn\\datasets\\_kddcup99.py', reloading
[2025-06-30 11:57:08,998] 97 werkzeug - INFO -  * Detected change in 'C:\\Users\\mk744\\AppData\\Local\\Programs\\Python\\Python310\\Lib\\site-packages\\~klearn\\datasets\\_lfw.py', reloading
[2025-06-30 11:57:08,999] 97 werkzeug - INFO -  * Detected change in 'C:\\Users\\mk744\\AppData\\Local\\Programs\\Python\\Python310\\Lib\\site-packages\\~klearn\\datasets\\_olivetti_faces.py', reloading
[2025-06-30 11:57:08,999] 97 werkzeug - INFO -  * Detected change in 'C:\\Users\\mk744\\AppData\\Local\\Programs\\Python\\Python310\\Lib\\site-packages\\~klearn\\datasets\\_openml.py', reloading
[2025-06-30 11:57:08,999] 97 werkzeug - INFO -  * Detected change in 'C:\\Users\\mk744\\AppData\\Local\\Programs\\Python\\Python310\\Lib\\site-packages\\~klearn\\datasets\\_rcv1.py', reloading
[2025-06-30 11:57:08,999] 97 werkzeug - INFO -  * Detected change in 'C:\\Users\\mk744\\AppData\\Local\\Programs\\Python\\Python310\\Lib\\site-packages\\~klearn\\datasets\\_samples_generator.py', reloading
[2025-06-30 11:57:08,999] 97 werkzeug - INFO -  * Detected change in 'C:\\Users\\mk744\\AppData\\Local\\Programs\\Python\\Python310\\Lib\\site-packages\\~klearn\\datasets\\_species_distributions.py', reloading
[2025-06-30 11:57:09,002] 97 werkzeug - INFO -  * Detected change in 'C:\\Users\\mk744\\AppData\\Local\\Programs\\Python\\Python310\\Lib\\site-packages\\~klearn\\datasets\\_svmlight_format_io.py', reloading
[2025-06-30 11:57:09,003] 97 werkzeug - INFO -  * Detected change in 'C:\\Users\\mk744\\AppData\\Local\\Programs\\Python\\Python310\\Lib\\site-packages\\~klearn\\datasets\\_twenty_newsgroups.py', reloading
[2025-06-30 11:57:09,004] 97 werkzeug - INFO -  * Detected change in 'C:\\Users\\mk744\\AppData\\Local\\Programs\\Python\\Python310\\Lib\\site-packages\\~klearn\\datasets\\__init__.py', reloading
[2025-06-30 11:57:09,007] 97 werkzeug - INFO -  * Detected change in 'C:\\Users\\mk744\\AppData\\Local\\Programs\\Python\\Python310\\Lib\\site-packages\\~klearn\\decomposition\\tests\\test_dict_learning.py', reloading
[2025-06-30 11:57:09,008] 97 werkzeug - INFO -  * Detected change in 'C:\\Users\\mk744\\AppData\\Local\\Programs\\Python\\Python310\\Lib\\site-packages\\~klearn\\decomposition\\tests\\test_factor_analysis.py', reloading
[2025-06-30 11:57:09,008] 97 werkzeug - INFO -  * Detected change in 'C:\\Users\\mk744\\AppData\\Local\\Programs\\Python\\Python310\\Lib\\site-packages\\~klearn\\decomposition\\tests\\test_fastica.py', reloading
[2025-06-30 11:57:09,008] 97 werkzeug - INFO -  * Detected change in 'C:\\Users\\mk744\\AppData\\Local\\Programs\\Python\\Python310\\Lib\\site-packages\\~klearn\\decomposition\\tests\\test_incremental_pca.py', reloading
[2025-06-30 11:57:09,008] 97 werkzeug - INFO -  * Detected change in 'C:\\Users\\mk744\\AppData\\Local\\Programs\\Python\\Python310\\Lib\\site-packages\\~klearn\\decomposition\\tests\\test_kernel_pca.py', reloading
[2025-06-30 11:57:09,008] 97 werkzeug - INFO -  * Detected change in 'C:\\Users\\mk744\\AppData\\Local\\Programs\\Python\\Python310\\Lib\\site-packages\\~klearn\\decomposition\\tests\\test_nmf.py', reloading
[2025-06-30 11:57:09,008] 97 werkzeug - INFO -  * Detected change in 'C:\\Users\\mk744\\AppData\\Local\\Programs\\Python\\Python310\\Lib\\site-packages\\~klearn\\decomposition\\tests\\test_online_lda.py', reloading
[2025-06-30 11:57:09,009] 97 werkzeug - INFO -  * Detected change in 'C:\\Users\\mk744\\AppData\\Local\\Programs\\Python\\Python310\\Lib\\site-packages\\~klearn\\decomposition\\tests\\test_pca.py', reloading
[2025-06-30 11:57:09,009] 97 werkzeug - INFO -  * Detected change in 'C:\\Users\\mk744\\AppData\\Local\\Programs\\Python\\Python310\\Lib\\site-packages\\~klearn\\decomposition\\tests\\test_sparse_pca.py', reloading
[2025-06-30 11:57:09,009] 97 werkzeug - INFO -  * Detected change in 'C:\\Users\\mk744\\AppData\\Local\\Programs\\Python\\Python310\\Lib\\site-packages\\~klearn\\decomposition\\tests\\test_truncated_svd.py', reloading
[2025-06-30 11:57:09,009] 97 werkzeug - INFO -  * Detected change in 'C:\\Users\\mk744\\AppData\\Local\\Programs\\Python\\Python310\\Lib\\site-packages\\~klearn\\decomposition\\tests\\__init__.py', reloading
[2025-06-30 11:57:09,013] 97 werkzeug - INFO -  * Detected change in 'C:\\Users\\mk744\\AppData\\Local\\Programs\\Python\\Python310\\Lib\\site-packages\\~klearn\\decomposition\\_base.py', reloading
[2025-06-30 11:57:09,015] 97 werkzeug - INFO -  * Detected change in 'C:\\Users\\mk744\\AppData\\Local\\Programs\\Python\\Python310\\Lib\\site-packages\\~klearn\\decomposition\\_dict_learning.py', reloading
[2025-06-30 11:57:09,015] 97 werkzeug - INFO -  * Detected change in 'C:\\Users\\mk744\\AppData\\Local\\Programs\\Python\\Python310\\Lib\\site-packages\\~klearn\\decomposition\\_factor_analysis.py', reloading
[2025-06-30 11:57:09,015] 97 werkzeug - INFO -  * Detected change in 'C:\\Users\\mk744\\AppData\\Local\\Programs\\Python\\Python310\\Lib\\site-packages\\~klearn\\decomposition\\_fastica.py', reloading
[2025-06-30 11:57:09,016] 97 werkzeug - INFO -  * Detected change in 'C:\\Users\\mk744\\AppData\\Local\\Programs\\Python\\Python310\\Lib\\site-packages\\~klearn\\decomposition\\_incremental_pca.py', reloading
[2025-06-30 11:57:09,016] 97 werkzeug - INFO -  * Detected change in 'C:\\Users\\mk744\\AppData\\Local\\Programs\\Python\\Python310\\Lib\\site-packages\\~klearn\\decomposition\\_kernel_pca.py', reloading
[2025-06-30 11:57:09,016] 97 werkzeug - INFO -  * Detected change in 'C:\\Users\\mk744\\AppData\\Local\\Programs\\Python\\Python310\\Lib\\site-packages\\~klearn\\decomposition\\_lda.py', reloading
[2025-06-30 11:57:09,016] 97 werkzeug - INFO -  * Detected change in 'C:\\Users\\mk744\\AppData\\Local\\Programs\\Python\\Python310\\Lib\\site-packages\\~klearn\\decomposition\\_nmf.py', reloading
[2025-06-30 11:57:09,017] 97 werkzeug - INFO -  * Detected change in 'C:\\Users\\mk744\\AppData\\Local\\Programs\\Python\\Python310\\Lib\\site-packages\\~klearn\\decomposition\\_pca.py', reloading
[2025-06-30 11:57:09,017] 97 werkzeug - INFO -  * Detected change in 'C:\\Users\\mk744\\AppData\\Local\\Programs\\Python\\Python310\\Lib\\site-packages\\~klearn\\decomposition\\_sparse_pca.py', reloading
[2025-06-30 11:57:09,018] 97 werkzeug - INFO -  * Detected change in 'C:\\Users\\mk744\\AppData\\Local\\Programs\\Python\\Python310\\Lib\\site-packages\\~klearn\\decomposition\\_truncated_svd.py', reloading
[2025-06-30 11:57:09,018] 97 werkzeug - INFO -  * Detected change in 'C:\\Users\\mk744\\AppData\\Local\\Programs\\Python\\Python310\\Lib\\site-packages\\~klearn\\decomposition\\__init__.py', reloading
[2025-06-30 11:57:09,022] 97 werkzeug - INFO -  * Detected change in 'C:\\Users\\mk744\\AppData\\Local\\Programs\\Python\\Python310\\Lib\\site-packages\\~klearn\\discriminant_analysis.py', reloading
[2025-06-30 11:57:09,023] 97 werkzeug - INFO -  * Detected change in 'C:\\Users\\mk744\\AppData\\Local\\Programs\\Python\\Python310\\Lib\\site-packages\\~klearn\\dummy.py', reloading
[2025-06-30 11:57:09,023] 97 werkzeug - INFO -  * Detected change in 'C:\\Users\\mk744\\AppData\\Local\\Programs\\Python\\Python310\\Lib\\site-packages\\~klearn\\ensemble\\tests\\test_bagging.py', reloading
[2025-06-30 11:57:09,023] 97 werkzeug - INFO -  * Detected change in 'C:\\Users\\mk744\\AppData\\Local\\Programs\\Python\\Python310\\Lib\\site-packages\\~klearn\\ensemble\\tests\\test_base.py', reloading
[2025-06-30 11:57:09,026] 97 werkzeug - INFO -  * Detected change in 'C:\\Users\\mk744\\AppData\\Local\\Programs\\Python\\Python310\\Lib\\site-packages\\~klearn\\ensemble\\tests\\test_common.py', reloading
[2025-06-30 11:57:09,026] 97 werkzeug - INFO -  * Detected change in 'C:\\Users\\mk744\\AppData\\Local\\Programs\\Python\\Python310\\Lib\\site-packages\\~klearn\\ensemble\\tests\\test_forest.py', reloading
[2025-06-30 11:57:09,027] 97 werkzeug - INFO -  * Detected change in 'C:\\Users\\mk744\\AppData\\Local\\Programs\\Python\\Python310\\Lib\\site-packages\\~klearn\\ensemble\\tests\\test_gradient_boosting.py', reloading
[2025-06-30 11:57:09,027] 97 werkzeug - INFO -  * Detected change in 'C:\\Users\\mk744\\AppData\\Local\\Programs\\Python\\Python310\\Lib\\site-packages\\~klearn\\ensemble\\tests\\test_iforest.py', reloading
[2025-06-30 11:57:09,028] 97 werkzeug - INFO -  * Detected change in 'C:\\Users\\mk744\\AppData\\Local\\Programs\\Python\\Python310\\Lib\\site-packages\\~klearn\\ensemble\\tests\\test_stacking.py', reloading
[2025-06-30 11:57:09,028] 97 werkzeug - INFO -  * Detected change in 'C:\\Users\\mk744\\AppData\\Local\\Programs\\Python\\Python310\\Lib\\site-packages\\~klearn\\ensemble\\tests\\test_voting.py', reloading
[2025-06-30 11:57:09,028] 97 werkzeug - INFO -  * Detected change in 'C:\\Users\\mk744\\AppData\\Local\\Programs\\Python\\Python310\\Lib\\site-packages\\~klearn\\ensemble\\tests\\test_weight_boosting.py', reloading
[2025-06-30 11:57:09,028] 97 werkzeug - INFO -  * Detected change in 'C:\\Users\\mk744\\AppData\\Local\\Programs\\Python\\Python310\\Lib\\site-packages\\~klearn\\ensemble\\tests\\__init__.py', reloading
[2025-06-30 11:57:09,034] 97 werkzeug - INFO -  * Detected change in 'C:\\Users\\mk744\\AppData\\Local\\Programs\\Python\\Python310\\Lib\\site-packages\\~klearn\\ensemble\\_bagging.py', reloading
[2025-06-30 11:57:09,035] 97 werkzeug - INFO -  * Detected change in 'C:\\Users\\mk744\\AppData\\Local\\Programs\\Python\\Python310\\Lib\\site-packages\\~klearn\\ensemble\\_base.py', reloading
[2025-06-30 11:57:09,035] 97 werkzeug - INFO -  * Detected change in 'C:\\Users\\mk744\\AppData\\Local\\Programs\\Python\\Python310\\Lib\\site-packages\\~klearn\\ensemble\\_forest.py', reloading
[2025-06-30 11:57:09,036] 97 werkzeug - INFO -  * Detected change in 'C:\\Users\\mk744\\AppData\\Local\\Programs\\Python\\Python310\\Lib\\site-packages\\~klearn\\ensemble\\_gb.py', reloading
[2025-06-30 11:57:09,036] 97 werkzeug - INFO -  * Detected change in 'C:\\Users\\mk744\\AppData\\Local\\Programs\\Python\\Python310\\Lib\\site-packages\\~klearn\\ensemble\\_hist_gradient_boosting\\binning.py', reloading
[2025-06-30 11:57:09,037] 97 werkzeug - INFO -  * Detected change in 'C:\\Users\\mk744\\AppData\\Local\\Programs\\Python\\Python310\\Lib\\site-packages\\~klearn\\ensemble\\_hist_gradient_boosting\\gradient_boosting.py', reloading
[2025-06-30 11:57:09,038] 97 werkzeug - INFO -  * Detected change in 'C:\\Users\\mk744\\AppData\\Local\\Programs\\Python\\Python310\\Lib\\site-packages\\~klearn\\ensemble\\_hist_gradient_boosting\\grower.py', reloading
[2025-06-30 11:57:09,038] 97 werkzeug - INFO -  * Detected change in 'C:\\Users\\mk744\\AppData\\Local\\Programs\\Python\\Python310\\Lib\\site-packages\\~klearn\\ensemble\\_hist_gradient_boosting\\predictor.py', reloading
[2025-06-30 11:57:09,041] 97 werkzeug - INFO -  * Detected change in 'C:\\Users\\mk744\\AppData\\Local\\Programs\\Python\\Python310\\Lib\\site-packages\\~klearn\\ensemble\\_hist_gradient_boosting\\tests\\test_binning.py', reloading
[2025-06-30 11:57:09,041] 97 werkzeug - INFO -  * Detected change in 'C:\\Users\\mk744\\AppData\\Local\\Programs\\Python\\Python310\\Lib\\site-packages\\~klearn\\ensemble\\_hist_gradient_boosting\\tests\\test_bitset.py', reloading
[2025-06-30 11:57:09,041] 97 werkzeug - INFO -  * Detected change in 'C:\\Users\\mk744\\AppData\\Local\\Programs\\Python\\Python310\\Lib\\site-packages\\~klearn\\ensemble\\_hist_gradient_boosting\\tests\\test_compare_lightgbm.py', reloading
[2025-06-30 11:57:09,041] 97 werkzeug - INFO -  * Detected change in 'C:\\Users\\mk744\\AppData\\Local\\Programs\\Python\\Python310\\Lib\\site-packages\\~klearn\\ensemble\\_hist_gradient_boosting\\tests\\test_gradient_boosting.py', reloading
[2025-06-30 11:57:09,042] 97 werkzeug - INFO -  * Detected change in 'C:\\Users\\mk744\\AppData\\Local\\Programs\\Python\\Python310\\Lib\\site-packages\\~klearn\\ensemble\\_hist_gradient_boosting\\tests\\test_grower.py', reloading
[2025-06-30 11:57:09,042] 97 werkzeug - INFO -  * Detected change in 'C:\\Users\\mk744\\AppData\\Local\\Programs\\Python\\Python310\\Lib\\site-packages\\~klearn\\ensemble\\_hist_gradient_boosting\\tests\\test_histogram.py', reloading
[2025-06-30 11:57:09,043] 97 werkzeug - INFO -  * Detected change in 'C:\\Users\\mk744\\AppData\\Local\\Programs\\Python\\Python310\\Lib\\site-packages\\~klearn\\ensemble\\_hist_gradient_boosting\\tests\\test_monotonic_contraints.py', reloading
[2025-06-30 11:57:09,044] 97 werkzeug - INFO -  * Detected change in 'C:\\Users\\mk744\\AppData\\Local\\Programs\\Python\\Python310\\Lib\\site-packages\\~klearn\\ensemble\\_hist_gradient_boosting\\tests\\test_predictor.py', reloading
[2025-06-30 11:57:09,044] 97 werkzeug - INFO -  * Detected change in 'C:\\Users\\mk744\\AppData\\Local\\Programs\\Python\\Python310\\Lib\\site-packages\\~klearn\\ensemble\\_hist_gradient_boosting\\tests\\test_splitting.py', reloading
[2025-06-30 11:57:09,044] 97 werkzeug - INFO -  * Detected change in 'C:\\Users\\mk744\\AppData\\Local\\Programs\\Python\\Python310\\Lib\\site-packages\\~klearn\\ensemble\\_hist_gradient_boosting\\tests\\test_warm_start.py', reloading
[2025-06-30 11:57:09,044] 97 werkzeug - INFO -  * Detected change in 'C:\\Users\\mk744\\AppData\\Local\\Programs\\Python\\Python310\\Lib\\site-packages\\~klearn\\ensemble\\_hist_gradient_boosting\\tests\\__init__.py', reloading
[2025-06-30 11:57:09,050] 97 werkzeug - INFO -  * Detected change in 'C:\\Users\\mk744\\AppData\\Local\\Programs\\Python\\Python310\\Lib\\site-packages\\~klearn\\ensemble\\_hist_gradient_boosting\\__init__.py', reloading
[2025-06-30 11:57:09,052] 97 werkzeug - INFO -  * Detected change in 'C:\\Users\\mk744\\AppData\\Local\\Programs\\Python\\Python310\\Lib\\site-packages\\~klearn\\ensemble\\_iforest.py', reloading
[2025-06-30 11:57:09,052] 97 werkzeug - INFO -  * Detected change in 'C:\\Users\\mk744\\AppData\\Local\\Programs\\Python\\Python310\\Lib\\site-packages\\~klearn\\ensemble\\_stacking.py', reloading
[2025-06-30 11:57:09,052] 97 werkzeug - INFO -  * Detected change in 'C:\\Users\\mk744\\AppData\\Local\\Programs\\Python\\Python310\\Lib\\site-packages\\~klearn\\ensemble\\_voting.py', reloading
[2025-06-30 11:57:09,053] 97 werkzeug - INFO -  * Detected change in 'C:\\Users\\mk744\\AppData\\Local\\Programs\\Python\\Python310\\Lib\\site-packages\\~klearn\\ensemble\\_weight_boosting.py', reloading
[2025-06-30 11:57:09,053] 97 werkzeug - INFO -  * Detected change in 'C:\\Users\\mk744\\AppData\\Local\\Programs\\Python\\Python310\\Lib\\site-packages\\~klearn\\ensemble\\__init__.py', reloading
[2025-06-30 11:57:09,058] 97 werkzeug - INFO -  * Detected change in 'C:\\Users\\mk744\\AppData\\Local\\Programs\\Python\\Python310\\Lib\\site-packages\\~klearn\\exceptions.py', reloading
[2025-06-30 11:57:09,059] 97 werkzeug - INFO -  * Detected change in 'C:\\Users\\mk744\\AppData\\Local\\Programs\\Python\\Python310\\Lib\\site-packages\\~klearn\\experimental\\enable_halving_search_cv.py', reloading
[2025-06-30 11:57:09,059] 97 werkzeug - INFO -  * Detected change in 'C:\\Users\\mk744\\AppData\\Local\\Programs\\Python\\Python310\\Lib\\site-packages\\~klearn\\experimental\\enable_hist_gradient_boosting.py', reloading
[2025-06-30 11:57:09,059] 97 werkzeug - INFO -  * Detected change in 'C:\\Users\\mk744\\AppData\\Local\\Programs\\Python\\Python310\\Lib\\site-packages\\~klearn\\experimental\\enable_iterative_imputer.py', reloading
[2025-06-30 11:57:09,059] 97 werkzeug - INFO -  * Detected change in 'C:\\Users\\mk744\\AppData\\Local\\Programs\\Python\\Python310\\Lib\\site-packages\\~klearn\\experimental\\tests\\test_enable_hist_gradient_boosting.py', reloading
[2025-06-30 11:57:09,060] 97 werkzeug - INFO -  * Detected change in 'C:\\Users\\mk744\\AppData\\Local\\Programs\\Python\\Python310\\Lib\\site-packages\\~klearn\\experimental\\tests\\test_enable_iterative_imputer.py', reloading
[2025-06-30 11:57:09,060] 97 werkzeug - INFO -  * Detected change in 'C:\\Users\\mk744\\AppData\\Local\\Programs\\Python\\Python310\\Lib\\site-packages\\~klearn\\experimental\\tests\\test_enable_successive_halving.py', reloading
[2025-06-30 11:57:09,060] 97 werkzeug - INFO -  * Detected change in 'C:\\Users\\mk744\\AppData\\Local\\Programs\\Python\\Python310\\Lib\\site-packages\\~klearn\\experimental\\tests\\__init__.py', reloading
[2025-06-30 11:57:09,062] 97 werkzeug - INFO -  * Detected change in 'C:\\Users\\mk744\\AppData\\Local\\Programs\\Python\\Python310\\Lib\\site-packages\\~klearn\\experimental\\__init__.py', reloading
[2025-06-30 11:57:09,064] 97 werkzeug - INFO -  * Detected change in 'C:\\Users\\mk744\\AppData\\Local\\Programs\\Python\\Python310\\Lib\\site-packages\\~klearn\\externals\\conftest.py', reloading
[2025-06-30 11:57:09,064] 97 werkzeug - INFO -  * Detected change in 'C:\\Users\\mk744\\AppData\\Local\\Programs\\Python\\Python310\\Lib\\site-packages\\~klearn\\externals\\_arff.py', reloading
[2025-06-30 11:57:09,065] 97 werkzeug - INFO -  * Detected change in 'C:\\Users\\mk744\\AppData\\Local\\Programs\\Python\\Python310\\Lib\\site-packages\\~klearn\\externals\\_packaging\\version.py', reloading
[2025-06-30 11:57:09,065] 97 werkzeug - INFO -  * Detected change in 'C:\\Users\\mk744\\AppData\\Local\\Programs\\Python\\Python310\\Lib\\site-packages\\~klearn\\externals\\_packaging\\_structures.py', reloading
[2025-06-30 11:57:09,065] 97 werkzeug - INFO -  * Detected change in 'C:\\Users\\mk744\\AppData\\Local\\Programs\\Python\\Python310\\Lib\\site-packages\\~klearn\\externals\\_packaging\\__init__.py', reloading
[2025-06-30 11:57:09,067] 97 werkzeug - INFO -  * Detected change in 'C:\\Users\\mk744\\AppData\\Local\\Programs\\Python\\Python310\\Lib\\site-packages\\~klearn\\externals\\_scipy\\sparse\\csgraph\\_laplacian.py', reloading
[2025-06-30 11:57:09,068] 97 werkzeug - INFO -  * Detected change in 'C:\\Users\\mk744\\AppData\\Local\\Programs\\Python\\Python310\\Lib\\site-packages\\~klearn\\externals\\_scipy\\sparse\\csgraph\\__init__.py', reloading
[2025-06-30 11:57:09,069] 97 werkzeug - INFO -  * Detected change in 'C:\\Users\\mk744\\AppData\\Local\\Programs\\Python\\Python310\\Lib\\site-packages\\~klearn\\externals\\_scipy\\sparse\\__init__.py', reloading
[2025-06-30 11:57:09,070] 97 werkzeug - INFO -  * Detected change in 'C:\\Users\\mk744\\AppData\\Local\\Programs\\Python\\Python310\\Lib\\site-packages\\~klearn\\externals\\_scipy\\__init__.py', reloading
[2025-06-30 11:57:09,071] 97 werkzeug - INFO -  * Detected change in 'C:\\Users\\mk744\\AppData\\Local\\Programs\\Python\\Python310\\Lib\\site-packages\\~klearn\\externals\\__init__.py', reloading
[2025-06-30 11:57:09,072] 97 werkzeug - INFO -  * Detected change in 'C:\\Users\\mk744\\AppData\\Local\\Programs\\Python\\Python310\\Lib\\site-packages\\~klearn\\feature_extraction\\image.py', reloading
[2025-06-30 11:57:09,073] 97 werkzeug - INFO -  * Detected change in 'C:\\Users\\mk744\\AppData\\Local\\Programs\\Python\\Python310\\Lib\\site-packages\\~klearn\\feature_extraction\\tests\\test_dict_vectorizer.py', reloading
[2025-06-30 11:57:09,073] 97 werkzeug - INFO -  * Detected change in 'C:\\Users\\mk744\\AppData\\Local\\Programs\\Python\\Python310\\Lib\\site-packages\\~klearn\\feature_extraction\\tests\\test_feature_hasher.py', reloading
[2025-06-30 11:57:09,073] 97 werkzeug - INFO -  * Detected change in 'C:\\Users\\mk744\\AppData\\Local\\Programs\\Python\\Python310\\Lib\\site-packages\\~klearn\\feature_extraction\\tests\\test_image.py', reloading
[2025-06-30 11:57:09,074] 97 werkzeug - INFO -  * Detected change in 'C:\\Users\\mk744\\AppData\\Local\\Programs\\Python\\Python310\\Lib\\site-packages\\~klearn\\feature_extraction\\tests\\test_text.py', reloading
[2025-06-30 11:57:09,074] 97 werkzeug - INFO -  * Detected change in 'C:\\Users\\mk744\\AppData\\Local\\Programs\\Python\\Python310\\Lib\\site-packages\\~klearn\\feature_extraction\\tests\\__init__.py', reloading
[2025-06-30 11:57:09,076] 97 werkzeug - INFO -  * Detected change in 'C:\\Users\\mk744\\AppData\\Local\\Programs\\Python\\Python310\\Lib\\site-packages\\~klearn\\feature_extraction\\text.py', reloading
[2025-06-30 11:57:09,076] 97 werkzeug - INFO -  * Detected change in 'C:\\Users\\mk744\\AppData\\Local\\Programs\\Python\\Python310\\Lib\\site-packages\\~klearn\\feature_extraction\\_dict_vectorizer.py', reloading
[2025-06-30 11:57:09,077] 97 werkzeug - INFO -  * Detected change in 'C:\\Users\\mk744\\AppData\\Local\\Programs\\Python\\Python310\\Lib\\site-packages\\~klearn\\feature_extraction\\_hash.py', reloading
[2025-06-30 11:57:09,077] 97 werkzeug - INFO -  * Detected change in 'C:\\Users\\mk744\\AppData\\Local\\Programs\\Python\\Python310\\Lib\\site-packages\\~klearn\\feature_extraction\\_stop_words.py', reloading
[2025-06-30 11:57:09,077] 97 werkzeug - INFO -  * Detected change in 'C:\\Users\\mk744\\AppData\\Local\\Programs\\Python\\Python310\\Lib\\site-packages\\~klearn\\feature_extraction\\__init__.py', reloading
[2025-06-30 11:57:09,079] 97 werkzeug - INFO -  * Detected change in 'C:\\Users\\mk744\\AppData\\Local\\Programs\\Python\\Python310\\Lib\\site-packages\\~klearn\\feature_selection\\tests\\test_base.py', reloading
[2025-06-30 11:57:09,080] 97 werkzeug - INFO -  * Detected change in 'C:\\Users\\mk744\\AppData\\Local\\Programs\\Python\\Python310\\Lib\\site-packages\\~klearn\\feature_selection\\tests\\test_chi2.py', reloading
[2025-06-30 11:57:09,080] 97 werkzeug - INFO -  * Detected change in 'C:\\Users\\mk744\\AppData\\Local\\Programs\\Python\\Python310\\Lib\\site-packages\\~klearn\\feature_selection\\tests\\test_feature_select.py', reloading
[2025-06-30 11:57:09,081] 97 werkzeug - INFO -  * Detected change in 'C:\\Users\\mk744\\AppData\\Local\\Programs\\Python\\Python310\\Lib\\site-packages\\~klearn\\feature_selection\\tests\\test_from_model.py', reloading
[2025-06-30 11:57:09,081] 97 werkzeug - INFO -  * Detected change in 'C:\\Users\\mk744\\AppData\\Local\\Programs\\Python\\Python310\\Lib\\site-packages\\~klearn\\feature_selection\\tests\\test_mutual_info.py', reloading
[2025-06-30 11:57:09,081] 97 werkzeug - INFO -  * Detected change in 'C:\\Users\\mk744\\AppData\\Local\\Programs\\Python\\Python310\\Lib\\site-packages\\~klearn\\feature_selection\\tests\\test_rfe.py', reloading
[2025-06-30 11:57:09,082] 97 werkzeug - INFO -  * Detected change in 'C:\\Users\\mk744\\AppData\\Local\\Programs\\Python\\Python310\\Lib\\site-packages\\~klearn\\feature_selection\\tests\\test_sequential.py', reloading
[2025-06-30 11:57:09,082] 97 werkzeug - INFO -  * Detected change in 'C:\\Users\\mk744\\AppData\\Local\\Programs\\Python\\Python310\\Lib\\site-packages\\~klearn\\feature_selection\\tests\\test_variance_threshold.py', reloading
[2025-06-30 11:57:09,082] 97 werkzeug - INFO -  * Detected change in 'C:\\Users\\mk744\\AppData\\Local\\Programs\\Python\\Python310\\Lib\\site-packages\\~klearn\\feature_selection\\tests\\__init__.py', reloading
[2025-06-30 11:57:09,086] 97 werkzeug - INFO -  * Detected change in 'C:\\Users\\mk744\\AppData\\Local\\Programs\\Python\\Python310\\Lib\\site-packages\\~klearn\\feature_selection\\_base.py', reloading
[2025-06-30 11:57:09,087] 97 werkzeug - INFO -  * Detected change in 'C:\\Users\\mk744\\AppData\\Local\\Programs\\Python\\Python310\\Lib\\site-packages\\~klearn\\feature_selection\\_from_model.py', reloading
[2025-06-30 11:57:09,087] 97 werkzeug - INFO -  * Detected change in 'C:\\Users\\mk744\\AppData\\Local\\Programs\\Python\\Python310\\Lib\\site-packages\\~klearn\\feature_selection\\_mutual_info.py', reloading
[2025-06-30 11:57:09,087] 97 werkzeug - INFO -  * Detected change in 'C:\\Users\\mk744\\AppData\\Local\\Programs\\Python\\Python310\\Lib\\site-packages\\~klearn\\feature_selection\\_rfe.py', reloading
[2025-06-30 11:57:09,087] 97 werkzeug - INFO -  * Detected change in 'C:\\Users\\mk744\\AppData\\Local\\Programs\\Python\\Python310\\Lib\\site-packages\\~klearn\\feature_selection\\_sequential.py', reloading
[2025-06-30 11:57:09,088] 97 werkzeug - INFO -  * Detected change in 'C:\\Users\\mk744\\AppData\\Local\\Programs\\Python\\Python310\\Lib\\site-packages\\~klearn\\feature_selection\\_univariate_selection.py', reloading
[2025-06-30 11:57:09,088] 97 werkzeug - INFO -  * Detected change in 'C:\\Users\\mk744\\AppData\\Local\\Programs\\Python\\Python310\\Lib\\site-packages\\~klearn\\feature_selection\\_variance_threshold.py', reloading
[2025-06-30 11:57:09,088] 97 werkzeug - INFO -  * Detected change in 'C:\\Users\\mk744\\AppData\\Local\\Programs\\Python\\Python310\\Lib\\site-packages\\~klearn\\feature_selection\\__init__.py', reloading
[2025-06-30 11:57:09,092] 97 werkzeug - INFO -  * Detected change in 'C:\\Users\\mk744\\AppData\\Local\\Programs\\Python\\Python310\\Lib\\site-packages\\~klearn\\gaussian_process\\kernels.py', reloading
[2025-06-30 11:57:09,092] 97 werkzeug - INFO -  * Detected change in 'C:\\Users\\mk744\\AppData\\Local\\Programs\\Python\\Python310\\Lib\\site-packages\\~klearn\\gaussian_process\\tests\\test_gpc.py', reloading
[2025-06-30 11:57:09,092] 97 werkzeug - INFO -  * Detected change in 'C:\\Users\\mk744\\AppData\\Local\\Programs\\Python\\Python310\\Lib\\site-packages\\~klearn\\gaussian_process\\tests\\test_gpr.py', reloading
[2025-06-30 11:57:09,093] 97 werkzeug - INFO -  * Detected change in 'C:\\Users\\mk744\\AppData\\Local\\Programs\\Python\\Python310\\Lib\\site-packages\\~klearn\\gaussian_process\\tests\\test_kernels.py', reloading
[2025-06-30 11:57:09,093] 97 werkzeug - INFO -  * Detected change in 'C:\\Users\\mk744\\AppData\\Local\\Programs\\Python\\Python310\\Lib\\site-packages\\~klearn\\gaussian_process\\tests\\_mini_sequence_kernel.py', reloading
[2025-06-30 11:57:09,093] 97 werkzeug - INFO -  * Detected change in 'C:\\Users\\mk744\\AppData\\Local\\Programs\\Python\\Python310\\Lib\\site-packages\\~klearn\\gaussian_process\\tests\\__init__.py', reloading
[2025-06-30 11:57:09,097] 97 werkzeug - INFO -  * Detected change in 'C:\\Users\\mk744\\AppData\\Local\\Programs\\Python\\Python310\\Lib\\site-packages\\~klearn\\gaussian_process\\_gpc.py', reloading
[2025-06-30 11:57:09,097] 97 werkzeug - INFO -  * Detected change in 'C:\\Users\\mk744\\AppData\\Local\\Programs\\Python\\Python310\\Lib\\site-packages\\~klearn\\gaussian_process\\_gpr.py', reloading
[2025-06-30 11:57:09,097] 97 werkzeug - INFO -  * Detected change in 'C:\\Users\\mk744\\AppData\\Local\\Programs\\Python\\Python310\\Lib\\site-packages\\~klearn\\gaussian_process\\__init__.py', reloading
[2025-06-30 11:57:09,100] 97 werkzeug - INFO -  * Detected change in 'C:\\Users\\mk744\\AppData\\Local\\Programs\\Python\\Python310\\Lib\\site-packages\\~klearn\\impute\\tests\\test_base.py', reloading
[2025-06-30 11:57:09,101] 97 werkzeug - INFO -  * Detected change in 'C:\\Users\\mk744\\AppData\\Local\\Programs\\Python\\Python310\\Lib\\site-packages\\~klearn\\impute\\tests\\test_common.py', reloading
[2025-06-30 11:57:09,101] 97 werkzeug - INFO -  * Detected change in 'C:\\Users\\mk744\\AppData\\Local\\Programs\\Python\\Python310\\Lib\\site-packages\\~klearn\\impute\\tests\\test_impute.py', reloading
[2025-06-30 11:57:09,101] 97 werkzeug - INFO -  * Detected change in 'C:\\Users\\mk744\\AppData\\Local\\Programs\\Python\\Python310\\Lib\\site-packages\\~klearn\\impute\\tests\\test_knn.py', reloading
[2025-06-30 11:57:09,101] 97 werkzeug - INFO -  * Detected change in 'C:\\Users\\mk744\\AppData\\Local\\Programs\\Python\\Python310\\Lib\\site-packages\\~klearn\\impute\\tests\\__init__.py', reloading
[2025-06-30 11:57:09,104] 97 werkzeug - INFO -  * Detected change in 'C:\\Users\\mk744\\AppData\\Local\\Programs\\Python\\Python310\\Lib\\site-packages\\~klearn\\impute\\_base.py', reloading
[2025-06-30 11:57:09,104] 97 werkzeug - INFO -  * Detected change in 'C:\\Users\\mk744\\AppData\\Local\\Programs\\Python\\Python310\\Lib\\site-packages\\~klearn\\impute\\_iterative.py', reloading
[2025-06-30 11:57:09,104] 97 werkzeug - INFO -  * Detected change in 'C:\\Users\\mk744\\AppData\\Local\\Programs\\Python\\Python310\\Lib\\site-packages\\~klearn\\impute\\_knn.py', reloading
[2025-06-30 11:57:09,105] 97 werkzeug - INFO -  * Detected change in 'C:\\Users\\mk744\\AppData\\Local\\Programs\\Python\\Python310\\Lib\\site-packages\\~klearn\\impute\\__init__.py', reloading
[2025-06-30 11:57:09,106] 97 werkzeug - INFO -  * Detected change in 'C:\\Users\\mk744\\AppData\\Local\\Programs\\Python\\Python310\\Lib\\site-packages\\~klearn\\inspection\\tests\\test_partial_dependence.py', reloading
[2025-06-30 11:57:09,107] 97 werkzeug - INFO -  * Detected change in 'C:\\Users\\mk744\\AppData\\Local\\Programs\\Python\\Python310\\Lib\\site-packages\\~klearn\\inspection\\tests\\test_pd_utils.py', reloading
[2025-06-30 11:57:09,107] 97 werkzeug - INFO -  * Detected change in 'C:\\Users\\mk744\\AppData\\Local\\Programs\\Python\\Python310\\Lib\\site-packages\\~klearn\\inspection\\tests\\test_permutation_importance.py', reloading
[2025-06-30 11:57:09,107] 97 werkzeug - INFO -  * Detected change in 'C:\\Users\\mk744\\AppData\\Local\\Programs\\Python\\Python310\\Lib\\site-packages\\~klearn\\inspection\\tests\\__init__.py', reloading
[2025-06-30 11:57:09,109] 97 werkzeug - INFO -  * Detected change in 'C:\\Users\\mk744\\AppData\\Local\\Programs\\Python\\Python310\\Lib\\site-packages\\~klearn\\inspection\\_partial_dependence.py', reloading
[2025-06-30 11:57:09,110] 97 werkzeug - INFO -  * Detected change in 'C:\\Users\\mk744\\AppData\\Local\\Programs\\Python\\Python310\\Lib\\site-packages\\~klearn\\inspection\\_pd_utils.py', reloading
[2025-06-30 11:57:09,110] 97 werkzeug - INFO -  * Detected change in 'C:\\Users\\mk744\\AppData\\Local\\Programs\\Python\\Python310\\Lib\\site-packages\\~klearn\\inspection\\_permutation_importance.py', reloading
[2025-06-30 11:57:09,110] 97 werkzeug - INFO -  * Detected change in 'C:\\Users\\mk744\\AppData\\Local\\Programs\\Python\\Python310\\Lib\\site-packages\\~klearn\\inspection\\_plot\\decision_boundary.py', reloading
[2025-06-30 11:57:09,110] 97 werkzeug - INFO -  * Detected change in 'C:\\Users\\mk744\\AppData\\Local\\Programs\\Python\\Python310\\Lib\\site-packages\\~klearn\\inspection\\_plot\\partial_dependence.py', reloading
[2025-06-30 11:57:09,111] 97 werkzeug - INFO -  * Detected change in 'C:\\Users\\mk744\\AppData\\Local\\Programs\\Python\\Python310\\Lib\\site-packages\\~klearn\\inspection\\_plot\\tests\\test_boundary_decision_display.py', reloading
[2025-06-30 11:57:09,111] 97 werkzeug - INFO -  * Detected change in 'C:\\Users\\mk744\\AppData\\Local\\Programs\\Python\\Python310\\Lib\\site-packages\\~klearn\\inspection\\_plot\\tests\\test_plot_partial_dependence.py', reloading
[2025-06-30 11:57:09,111] 97 werkzeug - INFO -  * Detected change in 'C:\\Users\\mk744\\AppData\\Local\\Programs\\Python\\Python310\\Lib\\site-packages\\~klearn\\inspection\\_plot\\tests\\__init__.py', reloading
[2025-06-30 11:57:09,113] 97 werkzeug - INFO -  * Detected change in 'C:\\Users\\mk744\\AppData\\Local\\Programs\\Python\\Python310\\Lib\\site-packages\\~klearn\\inspection\\_plot\\__init__.py', reloading
[2025-06-30 11:57:09,115] 97 werkzeug - INFO -  * Detected change in 'C:\\Users\\mk744\\AppData\\Local\\Programs\\Python\\Python310\\Lib\\site-packages\\~klearn\\inspection\\__init__.py', reloading
[2025-06-30 11:57:09,118] 97 werkzeug - INFO -  * Detected change in 'C:\\Users\\mk744\\AppData\\Local\\Programs\\Python\\Python310\\Lib\\site-packages\\~klearn\\isotonic.py', reloading
[2025-06-30 11:57:09,118] 97 werkzeug - INFO -  * Detected change in 'C:\\Users\\mk744\\AppData\\Local\\Programs\\Python\\Python310\\Lib\\site-packages\\~klearn\\kernel_approximation.py', reloading
[2025-06-30 11:57:09,118] 97 werkzeug - INFO -  * Detected change in 'C:\\Users\\mk744\\AppData\\Local\\Programs\\Python\\Python310\\Lib\\site-packages\\~klearn\\kernel_ridge.py', reloading
[2025-06-30 11:57:09,119] 97 werkzeug - INFO -  * Detected change in 'C:\\Users\\mk744\\AppData\\Local\\Programs\\Python\\Python310\\Lib\\site-packages\\~klearn\\linear_model\\tests\\test_base.py', reloading
[2025-06-30 11:57:09,119] 97 werkzeug - INFO -  * Detected change in 'C:\\Users\\mk744\\AppData\\Local\\Programs\\Python\\Python310\\Lib\\site-packages\\~klearn\\linear_model\\tests\\test_bayes.py', reloading
[2025-06-30 11:57:09,120] 97 werkzeug - INFO -  * Detected change in 'C:\\Users\\mk744\\AppData\\Local\\Programs\\Python\\Python310\\Lib\\site-packages\\~klearn\\linear_model\\tests\\test_common.py', reloading
[2025-06-30 11:57:09,120] 97 werkzeug - INFO -  * Detected change in 'C:\\Users\\mk744\\AppData\\Local\\Programs\\Python\\Python310\\Lib\\site-packages\\~klearn\\linear_model\\tests\\test_coordinate_descent.py', reloading
[2025-06-30 11:57:09,121] 97 werkzeug - INFO -  * Detected change in 'C:\\Users\\mk744\\AppData\\Local\\Programs\\Python\\Python310\\Lib\\site-packages\\~klearn\\linear_model\\tests\\test_huber.py', reloading
[2025-06-30 11:57:09,121] 97 werkzeug - INFO -  * Detected change in 'C:\\Users\\mk744\\AppData\\Local\\Programs\\Python\\Python310\\Lib\\site-packages\\~klearn\\linear_model\\tests\\test_least_angle.py', reloading
[2025-06-30 11:57:09,122] 97 werkzeug - INFO -  * Detected change in 'C:\\Users\\mk744\\AppData\\Local\\Programs\\Python\\Python310\\Lib\\site-packages\\~klearn\\linear_model\\tests\\test_linear_loss.py', reloading
[2025-06-30 11:57:09,124] 97 werkzeug - INFO -  * Detected change in 'C:\\Users\\mk744\\AppData\\Local\\Programs\\Python\\Python310\\Lib\\site-packages\\~klearn\\linear_model\\tests\\test_logistic.py', reloading
[2025-06-30 11:57:09,125] 97 werkzeug - INFO -  * Detected change in 'C:\\Users\\mk744\\AppData\\Local\\Programs\\Python\\Python310\\Lib\\site-packages\\~klearn\\linear_model\\tests\\test_omp.py', reloading
[2025-06-30 11:57:09,126] 97 werkzeug - INFO -  * Detected change in 'C:\\Users\\mk744\\AppData\\Local\\Programs\\Python\\Python310\\Lib\\site-packages\\~klearn\\linear_model\\tests\\test_passive_aggressive.py', reloading
[2025-06-30 11:57:09,126] 97 werkzeug - INFO -  * Detected change in 'C:\\Users\\mk744\\AppData\\Local\\Programs\\Python\\Python310\\Lib\\site-packages\\~klearn\\linear_model\\tests\\test_perceptron.py', reloading
[2025-06-30 11:57:09,126] 97 werkzeug - INFO -  * Detected change in 'C:\\Users\\mk744\\AppData\\Local\\Programs\\Python\\Python310\\Lib\\site-packages\\~klearn\\linear_model\\tests\\test_quantile.py', reloading
[2025-06-30 11:57:09,126] 97 werkzeug - INFO -  * Detected change in 'C:\\Users\\mk744\\AppData\\Local\\Programs\\Python\\Python310\\Lib\\site-packages\\~klearn\\linear_model\\tests\\test_ransac.py', reloading
[2025-06-30 11:57:09,126] 97 werkzeug - INFO -  * Detected change in 'C:\\Users\\mk744\\AppData\\Local\\Programs\\Python\\Python310\\Lib\\site-packages\\~klearn\\linear_model\\tests\\test_ridge.py', reloading
[2025-06-30 11:57:09,127] 97 werkzeug - INFO -  * Detected change in 'C:\\Users\\mk744\\AppData\\Local\\Programs\\Python\\Python310\\Lib\\site-packages\\~klearn\\linear_model\\tests\\test_sag.py', reloading
[2025-06-30 11:57:09,127] 97 werkzeug - INFO -  * Detected change in 'C:\\Users\\mk744\\AppData\\Local\\Programs\\Python\\Python310\\Lib\\site-packages\\~klearn\\linear_model\\tests\\test_sgd.py', reloading
[2025-06-30 11:57:09,128] 97 werkzeug - INFO -  * Detected change in 'C:\\Users\\mk744\\AppData\\Local\\Programs\\Python\\Python310\\Lib\\site-packages\\~klearn\\linear_model\\tests\\test_sparse_coordinate_descent.py', reloading
[2025-06-30 11:57:09,128] 97 werkzeug - INFO -  * Detected change in 'C:\\Users\\mk744\\AppData\\Local\\Programs\\Python\\Python310\\Lib\\site-packages\\~klearn\\linear_model\\tests\\test_theil_sen.py', reloading
[2025-06-30 11:57:09,128] 97 werkzeug - INFO -  * Detected change in 'C:\\Users\\mk744\\AppData\\Local\\Programs\\Python\\Python310\\Lib\\site-packages\\~klearn\\linear_model\\tests\\__init__.py', reloading
